Archive member included to satisfy reference by file (symbol)

c:/program files (x86)/atollic/truestudio for stm32 9.0.1/armtools/bin/../lib/gcc/arm-atollic-eabi/6.3.1/../../../../arm-atollic-eabi/lib/armv7-m\libc_nano.a(lib_a-init.o)
                              ./src/startup_stm32f10x_md.o (__libc_init_array)

Discarded input sections

 .text          0x00000000        0x0 c:/program files (x86)/atollic/truestudio for stm32 9.0.1/armtools/bin/../lib/gcc/arm-atollic-eabi/6.3.1/armv7-m/crti.o
 .data          0x00000000        0x0 c:/program files (x86)/atollic/truestudio for stm32 9.0.1/armtools/bin/../lib/gcc/arm-atollic-eabi/6.3.1/armv7-m/crti.o
 .bss           0x00000000        0x0 c:/program files (x86)/atollic/truestudio for stm32 9.0.1/armtools/bin/../lib/gcc/arm-atollic-eabi/6.3.1/armv7-m/crti.o
 .data          0x00000000        0x4 c:/program files (x86)/atollic/truestudio for stm32 9.0.1/armtools/bin/../lib/gcc/arm-atollic-eabi/6.3.1/armv7-m/crtbegin.o
 .text          0x00000000        0x0 ./src/GPIO.o
 .data          0x00000000        0x0 ./src/GPIO.o
 .bss           0x00000000        0x0 ./src/GPIO.o
 .text          0x00000000        0x0 ./src/IRQ.o
 .data          0x00000000        0x0 ./src/IRQ.o
 .bss           0x00000000        0x0 ./src/IRQ.o
 .text          0x00000000        0x0 ./src/SysTick.o
 .data          0x00000000        0x0 ./src/SysTick.o
 .bss           0x00000000        0x0 ./src/SysTick.o
 .text.SysTick_GetCurrentTick
                0x00000000       0x14 ./src/SysTick.o
 .text          0x00000000        0x0 ./src/main.o
 .data          0x00000000        0x0 ./src/main.o
 .bss           0x00000000        0x0 ./src/main.o
 .text          0x00000000       0x14 ./src/startup_stm32f10x_md.o
 .data          0x00000000        0x0 ./src/startup_stm32f10x_md.o
 .bss           0x00000000        0x0 ./src/startup_stm32f10x_md.o
 .text          0x00000000        0x0 ./src/stm32f1xx_it.o
 .data          0x00000000        0x0 ./src/stm32f1xx_it.o
 .bss           0x00000000        0x0 ./src/stm32f1xx_it.o
 .text          0x00000000        0x0 ./src/system_stm32f10x.o
 .data          0x00000000        0x0 ./src/system_stm32f10x.o
 .bss           0x00000000        0x0 ./src/system_stm32f10x.o
 .text          0x00000000        0x0 c:/program files (x86)/atollic/truestudio for stm32 9.0.1/armtools/bin/../lib/gcc/arm-atollic-eabi/6.3.1/../../../../arm-atollic-eabi/lib/armv7-m\libc_nano.a(lib_a-init.o)
 .data          0x00000000        0x0 c:/program files (x86)/atollic/truestudio for stm32 9.0.1/armtools/bin/../lib/gcc/arm-atollic-eabi/6.3.1/../../../../arm-atollic-eabi/lib/armv7-m\libc_nano.a(lib_a-init.o)
 .bss           0x00000000        0x0 c:/program files (x86)/atollic/truestudio for stm32 9.0.1/armtools/bin/../lib/gcc/arm-atollic-eabi/6.3.1/../../../../arm-atollic-eabi/lib/armv7-m\libc_nano.a(lib_a-init.o)
 .text          0x00000000        0x0 c:/program files (x86)/atollic/truestudio for stm32 9.0.1/armtools/bin/../lib/gcc/arm-atollic-eabi/6.3.1/armv7-m/crtend.o
 .data          0x00000000        0x0 c:/program files (x86)/atollic/truestudio for stm32 9.0.1/armtools/bin/../lib/gcc/arm-atollic-eabi/6.3.1/armv7-m/crtend.o
 .bss           0x00000000        0x0 c:/program files (x86)/atollic/truestudio for stm32 9.0.1/armtools/bin/../lib/gcc/arm-atollic-eabi/6.3.1/armv7-m/crtend.o
 .eh_frame      0x00000000        0x4 c:/program files (x86)/atollic/truestudio for stm32 9.0.1/armtools/bin/../lib/gcc/arm-atollic-eabi/6.3.1/armv7-m/crtend.o
 .ARM.attributes
                0x00000000       0x2d c:/program files (x86)/atollic/truestudio for stm32 9.0.1/armtools/bin/../lib/gcc/arm-atollic-eabi/6.3.1/armv7-m/crtend.o
 .text          0x00000000        0x0 c:/program files (x86)/atollic/truestudio for stm32 9.0.1/armtools/bin/../lib/gcc/arm-atollic-eabi/6.3.1/armv7-m/crtn.o
 .data          0x00000000        0x0 c:/program files (x86)/atollic/truestudio for stm32 9.0.1/armtools/bin/../lib/gcc/arm-atollic-eabi/6.3.1/armv7-m/crtn.o
 .bss           0x00000000        0x0 c:/program files (x86)/atollic/truestudio for stm32 9.0.1/armtools/bin/../lib/gcc/arm-atollic-eabi/6.3.1/armv7-m/crtn.o

Memory Configuration

Name             Origin             Length             Attributes
FLASH            0x08000000         0x00010000         xr
RAM              0x20000000         0x00005000         xrw
MEMORY_B1        0x60000000         0x00000000         xr
*default*        0x00000000         0xffffffff

Linker script and memory map

LOAD c:/program files (x86)/atollic/truestudio for stm32 9.0.1/armtools/bin/../lib/gcc/arm-atollic-eabi/6.3.1/armv7-m/crti.o
LOAD c:/program files (x86)/atollic/truestudio for stm32 9.0.1/armtools/bin/../lib/gcc/arm-atollic-eabi/6.3.1/armv7-m/crtbegin.o
LOAD ./src/GPIO.o
LOAD ./src/IRQ.o
LOAD ./src/SysTick.o
LOAD ./src/main.o
LOAD ./src/startup_stm32f10x_md.o
LOAD ./src/stm32f1xx_it.o
LOAD ./src/system_stm32f10x.o
                0x00000080                malloc_getpagesize_P = 0x80
START GROUP
LOAD c:/program files (x86)/atollic/truestudio for stm32 9.0.1/armtools/bin/../lib/gcc/arm-atollic-eabi/6.3.1/../../../../arm-atollic-eabi/lib/armv7-m\libc_nano.a
LOAD c:/program files (x86)/atollic/truestudio for stm32 9.0.1/armtools/bin/../lib/gcc/arm-atollic-eabi/6.3.1/../../../../arm-atollic-eabi/lib/armv7-m\libm.a
END GROUP
START GROUP
LOAD c:/program files (x86)/atollic/truestudio for stm32 9.0.1/armtools/bin/../lib/gcc/arm-atollic-eabi/6.3.1/armv7-m\libgcc.a
LOAD c:/program files (x86)/atollic/truestudio for stm32 9.0.1/armtools/bin/../lib/gcc/arm-atollic-eabi/6.3.1/../../../../arm-atollic-eabi/lib/armv7-m\libc_nano.a
END GROUP
START GROUP
LOAD c:/program files (x86)/atollic/truestudio for stm32 9.0.1/armtools/bin/../lib/gcc/arm-atollic-eabi/6.3.1/armv7-m\libgcc.a
LOAD c:/program files (x86)/atollic/truestudio for stm32 9.0.1/armtools/bin/../lib/gcc/arm-atollic-eabi/6.3.1/../../../../arm-atollic-eabi/lib/armv7-m\libc_nano.a
LOAD c:/program files (x86)/atollic/truestudio for stm32 9.0.1/armtools/bin/../lib/gcc/arm-atollic-eabi/6.3.1/../../../../arm-atollic-eabi/lib/armv7-m\libnosys.a
END GROUP
START GROUP
LOAD c:/program files (x86)/atollic/truestudio for stm32 9.0.1/armtools/bin/../lib/gcc/arm-atollic-eabi/6.3.1/armv7-m\libgcc.a
LOAD c:/program files (x86)/atollic/truestudio for stm32 9.0.1/armtools/bin/../lib/gcc/arm-atollic-eabi/6.3.1/../../../../arm-atollic-eabi/lib/armv7-m\libc_nano.a
LOAD c:/program files (x86)/atollic/truestudio for stm32 9.0.1/armtools/bin/../lib/gcc/arm-atollic-eabi/6.3.1/../../../../arm-atollic-eabi/lib/armv7-m\libnosys.a
END GROUP
LOAD c:/program files (x86)/atollic/truestudio for stm32 9.0.1/armtools/bin/../lib/gcc/arm-atollic-eabi/6.3.1/armv7-m/crtend.o
LOAD c:/program files (x86)/atollic/truestudio for stm32 9.0.1/armtools/bin/../lib/gcc/arm-atollic-eabi/6.3.1/armv7-m/crtn.o
                0x20005000                _estack = 0x20005000
                0x00000000                _Min_Heap_Size = 0x0
                0x00000100                _Min_Stack_Size = 0x100

.isr_vector     0x08000000      0x10c
                0x08000000                . = ALIGN (0x4)
 *(.isr_vector)
 .isr_vector    0x08000000      0x10c ./src/startup_stm32f10x_md.o
                0x08000000                g_pfnVectors
                0x0800010c                . = ALIGN (0x4)

.text           0x0800010c      0x538
                0x0800010c                . = ALIGN (0x4)
 *(.text)
 .text          0x0800010c       0x40 c:/program files (x86)/atollic/truestudio for stm32 9.0.1/armtools/bin/../lib/gcc/arm-atollic-eabi/6.3.1/armv7-m/crtbegin.o
 *(.text*)
 .text.GPIO_OnBoard_Init_LED
                0x0800014c       0x44 ./src/GPIO.o
                0x0800014c                GPIO_OnBoard_Init_LED
 .text.IRQ_Init
                0x08000190        0xc ./src/IRQ.o
                0x08000190                IRQ_Init
 .text.NVIC_SetPriority
                0x0800019c       0x54 ./src/SysTick.o
 .text.SysTick_Config
                0x080001f0       0x44 ./src/SysTick.o
 .text.SysTick_Delay
                0x08000234       0x2c ./src/SysTick.o
                0x08000234                SysTick_Delay
 .text.SysTick_Init
                0x08000260       0x50 ./src/SysTick.o
                0x08000260                SysTick_Init
 .text.main     0x080002b0       0x3c ./src/main.o
                0x080002b0                main
 .text.Reset_Handler
                0x080002ec       0x50 ./src/startup_stm32f10x_md.o
                0x080002ec                Reset_Handler
 .text.Default_Handler
                0x0800033c        0x2 ./src/startup_stm32f10x_md.o
                0x0800033c                TIM1_CC_IRQHandler
                0x0800033c                PVD_IRQHandler
                0x0800033c                I2C2_EV_IRQHandler
                0x0800033c                ADC1_2_IRQHandler
                0x0800033c                SPI1_IRQHandler
                0x0800033c                TAMPER_IRQHandler
                0x0800033c                DMA1_Channel4_IRQHandler
                0x0800033c                USART3_IRQHandler
                0x0800033c                RTC_IRQHandler
                0x0800033c                DMA1_Channel7_IRQHandler
                0x0800033c                CAN1_RX1_IRQHandler
                0x0800033c                TIM4_IRQHandler
                0x0800033c                I2C1_EV_IRQHandler
                0x0800033c                DMA1_Channel6_IRQHandler
                0x0800033c                TIM3_IRQHandler
                0x0800033c                RCC_IRQHandler
                0x0800033c                TIM1_TRG_COM_IRQHandler
                0x0800033c                DMA1_Channel1_IRQHandler
                0x0800033c                Default_Handler
                0x0800033c                EXTI15_10_IRQHandler
                0x0800033c                EXTI9_5_IRQHandler
                0x0800033c                SPI2_IRQHandler
                0x0800033c                DMA1_Channel5_IRQHandler
                0x0800033c                EXTI4_IRQHandler
                0x0800033c                USB_LP_CAN1_RX0_IRQHandler
                0x0800033c                USB_HP_CAN1_TX_IRQHandler
                0x0800033c                DMA1_Channel3_IRQHandler
                0x0800033c                TIM1_UP_IRQHandler
                0x0800033c                WWDG_IRQHandler
                0x0800033c                TIM2_IRQHandler
                0x0800033c                TIM1_BRK_IRQHandler
                0x0800033c                RTCAlarm_IRQHandler
                0x0800033c                USART2_IRQHandler
                0x0800033c                I2C2_ER_IRQHandler
                0x0800033c                DMA1_Channel2_IRQHandler
                0x0800033c                CAN1_SCE_IRQHandler
                0x0800033c                FLASH_IRQHandler
                0x0800033c                USART1_IRQHandler
                0x0800033c                I2C1_ER_IRQHandler
                0x0800033c                USBWakeUp_IRQHandler
 .text.NMI_Handler
                0x0800033e        0xc ./src/stm32f1xx_it.o
                0x0800033e                NMI_Handler
 .text.HardFault_Handler
                0x0800034a        0x6 ./src/stm32f1xx_it.o
                0x0800034a                HardFault_Handler
 .text.MemManage_Handler
                0x08000350        0x6 ./src/stm32f1xx_it.o
                0x08000350                MemManage_Handler
 .text.BusFault_Handler
                0x08000356        0x6 ./src/stm32f1xx_it.o
                0x08000356                BusFault_Handler
 .text.UsageFault_Handler
                0x0800035c        0x6 ./src/stm32f1xx_it.o
                0x0800035c                UsageFault_Handler
 .text.SVC_Handler
                0x08000362        0xc ./src/stm32f1xx_it.o
                0x08000362                SVC_Handler
 .text.DebugMon_Handler
                0x0800036e        0xc ./src/stm32f1xx_it.o
                0x0800036e                DebugMon_Handler
 .text.PendSV_Handler
                0x0800037a        0xc ./src/stm32f1xx_it.o
                0x0800037a                PendSV_Handler
 *fill*         0x08000386        0x2 
 .text.SysTick_Handler
                0x08000388       0x1c ./src/stm32f1xx_it.o
                0x08000388                SysTick_Handler
 .text.EXTI0_IRQHandler
                0x080003a4        0xc ./src/stm32f1xx_it.o
                0x080003a4                EXTI0_IRQHandler
 .text.EXTI1_IRQHandler
                0x080003b0        0xc ./src/stm32f1xx_it.o
                0x080003b0                EXTI1_IRQHandler
 .text.EXTI2_IRQHandler
                0x080003bc        0xc ./src/stm32f1xx_it.o
                0x080003bc                EXTI2_IRQHandler
 .text.EXTI3_IRQHandler
                0x080003c8        0xc ./src/stm32f1xx_it.o
                0x080003c8                EXTI3_IRQHandler
 .text.SystemInit
                0x080003d4       0x68 ./src/system_stm32f10x.o
                0x080003d4                SystemInit
 .text.SystemCoreClockUpdate
                0x0800043c       0xd8 ./src/system_stm32f10x.o
                0x0800043c                SystemCoreClockUpdate
 .text.SetSysClock
                0x08000514        0xc ./src/system_stm32f10x.o
 .text.SetSysClockToHSE
                0x08000520       0xc4 ./src/system_stm32f10x.o
 .text.__libc_init_array
                0x080005e4       0x48 c:/program files (x86)/atollic/truestudio for stm32 9.0.1/armtools/bin/../lib/gcc/arm-atollic-eabi/6.3.1/../../../../arm-atollic-eabi/lib/armv7-m\libc_nano.a(lib_a-init.o)
                0x080005e4                __libc_init_array
 *(.glue_7)
 .glue_7        0x0800062c        0x0 linker stubs
 *(.glue_7t)
 .glue_7t       0x0800062c        0x0 linker stubs
 *(.eh_frame)
 .eh_frame      0x0800062c        0x0 c:/program files (x86)/atollic/truestudio for stm32 9.0.1/armtools/bin/../lib/gcc/arm-atollic-eabi/6.3.1/armv7-m/crtbegin.o
 *(.init)
 .init          0x0800062c        0x4 c:/program files (x86)/atollic/truestudio for stm32 9.0.1/armtools/bin/../lib/gcc/arm-atollic-eabi/6.3.1/armv7-m/crti.o
                0x0800062c                _init
 .init          0x08000630        0x8 c:/program files (x86)/atollic/truestudio for stm32 9.0.1/armtools/bin/../lib/gcc/arm-atollic-eabi/6.3.1/armv7-m/crtn.o
 *(.fini)
 .fini          0x08000638        0x4 c:/program files (x86)/atollic/truestudio for stm32 9.0.1/armtools/bin/../lib/gcc/arm-atollic-eabi/6.3.1/armv7-m/crti.o
                0x08000638                _fini
 .fini          0x0800063c        0x8 c:/program files (x86)/atollic/truestudio for stm32 9.0.1/armtools/bin/../lib/gcc/arm-atollic-eabi/6.3.1/armv7-m/crtn.o
                0x08000644                . = ALIGN (0x4)
                0x08000644                _etext = .

.vfp11_veneer   0x08000644        0x0
 .vfp11_veneer  0x08000644        0x0 linker stubs

.v4_bx          0x08000644        0x0
 .v4_bx         0x08000644        0x0 linker stubs

.iplt           0x08000644        0x0
 .iplt          0x08000644        0x0 c:/program files (x86)/atollic/truestudio for stm32 9.0.1/armtools/bin/../lib/gcc/arm-atollic-eabi/6.3.1/armv7-m/crtbegin.o

.rel.dyn        0x08000644        0x0
 .rel.iplt      0x08000644        0x0 c:/program files (x86)/atollic/truestudio for stm32 9.0.1/armtools/bin/../lib/gcc/arm-atollic-eabi/6.3.1/armv7-m/crtbegin.o

.rodata         0x08000644        0x0
                0x08000644                . = ALIGN (0x4)
 *(.rodata)
 *(.rodata*)
                0x08000644                . = ALIGN (0x4)

.ARM.extab
 *(.ARM.extab* .gnu.linkonce.armextab.*)

.ARM            0x08000644        0x0
                0x08000644                __exidx_start = .
 *(.ARM.exidx*)
                0x08000644                __exidx_end = .

.preinit_array  0x08000644        0x0
                0x08000644                PROVIDE (__preinit_array_start, .)
 *(.preinit_array*)
                0x08000644                PROVIDE (__preinit_array_end, .)

.init_array     0x08000644        0x4
                0x08000644                PROVIDE (__init_array_start, .)
 *(SORT(.init_array.*))
 *(.init_array*)
 .init_array    0x08000644        0x4 c:/program files (x86)/atollic/truestudio for stm32 9.0.1/armtools/bin/../lib/gcc/arm-atollic-eabi/6.3.1/armv7-m/crtbegin.o
                0x08000648                PROVIDE (__init_array_end, .)

.fini_array     0x08000648        0x4
                [!provide]                PROVIDE (__fini_array_start, .)
 *(SORT(.fini_array.*))
 *(.fini_array*)
 .fini_array    0x08000648        0x4 c:/program files (x86)/atollic/truestudio for stm32 9.0.1/armtools/bin/../lib/gcc/arm-atollic-eabi/6.3.1/armv7-m/crtbegin.o
                [!provide]                PROVIDE (__fini_array_end, .)
                0x0800064c                _sidata = LOADADDR (.data)

.data           0x20000000       0x14 load address 0x0800064c
                0x20000000                . = ALIGN (0x4)
                0x20000000                _sdata = .
 *(.data)
 *(.data*)
 .data.SystemCoreClock
                0x20000000        0x4 ./src/system_stm32f10x.o
                0x20000000                SystemCoreClock
 .data.AHBPrescTable
                0x20000004       0x10 ./src/system_stm32f10x.o
                0x20000004                AHBPrescTable
                0x20000014                . = ALIGN (0x4)
                0x20000014                _edata = .

.igot.plt       0x20000014        0x0 load address 0x08000660
 .igot.plt      0x20000014        0x0 c:/program files (x86)/atollic/truestudio for stm32 9.0.1/armtools/bin/../lib/gcc/arm-atollic-eabi/6.3.1/armv7-m/crtbegin.o
                0x20000014                . = ALIGN (0x4)

.bss            0x20000014       0x20 load address 0x08000660
                0x20000014                _sbss = .
                0x20000014                __bss_start__ = _sbss
 *(.bss)
 .bss           0x20000014       0x1c c:/program files (x86)/atollic/truestudio for stm32 9.0.1/armtools/bin/../lib/gcc/arm-atollic-eabi/6.3.1/armv7-m/crtbegin.o
 *(.bss*)
 .bss.SysTickCounter
                0x20000030        0x4 ./src/SysTick.o
                0x20000030                SysTickCounter
 *(COMMON)
                0x20000034                . = ALIGN (0x4)
                0x20000034                _ebss = .
                0x20000034                __bss_end__ = _ebss

._user_heap_stack
                0x20000034      0x100 load address 0x08000660
                0x20000034                . = ALIGN (0x4)
                [!provide]                PROVIDE (end, .)
                [!provide]                PROVIDE (_end, .)
                0x20000034                . = (. + _Min_Heap_Size)
                0x20000134                . = (. + _Min_Stack_Size)
 *fill*         0x20000034      0x100 
                0x20000134                . = ALIGN (0x4)

.memory_b1_text
 *(.mb1text)
 *(.mb1text*)
 *(.mb1rodata)
 *(.mb1rodata*)

/DISCARD/
 libc.a(*)
 libm.a(*)
 libgcc.a(*)

.ARM.attributes
                0x00000000       0x29
 *(.ARM.attributes)
 .ARM.attributes
                0x00000000       0x1d c:/program files (x86)/atollic/truestudio for stm32 9.0.1/armtools/bin/../lib/gcc/arm-atollic-eabi/6.3.1/armv7-m/crti.o
 .ARM.attributes
                0x0000001d       0x2d c:/program files (x86)/atollic/truestudio for stm32 9.0.1/armtools/bin/../lib/gcc/arm-atollic-eabi/6.3.1/armv7-m/crtbegin.o
 .ARM.attributes
                0x0000004a       0x33 ./src/GPIO.o
 .ARM.attributes
                0x0000007d       0x33 ./src/IRQ.o
 .ARM.attributes
                0x000000b0       0x33 ./src/SysTick.o
 .ARM.attributes
                0x000000e3       0x33 ./src/main.o
 .ARM.attributes
                0x00000116       0x21 ./src/startup_stm32f10x_md.o
 .ARM.attributes
                0x00000137       0x33 ./src/stm32f1xx_it.o
 .ARM.attributes
                0x0000016a       0x33 ./src/system_stm32f10x.o
 .ARM.attributes
                0x0000019d       0x2d c:/program files (x86)/atollic/truestudio for stm32 9.0.1/armtools/bin/../lib/gcc/arm-atollic-eabi/6.3.1/../../../../arm-atollic-eabi/lib/armv7-m\libc_nano.a(lib_a-init.o)
 .ARM.attributes
                0x000001ca       0x1d c:/program files (x86)/atollic/truestudio for stm32 9.0.1/armtools/bin/../lib/gcc/arm-atollic-eabi/6.3.1/armv7-m/crtn.o
OUTPUT(Hello Project.elf elf32-littlearm)

.debug_info     0x00000000     0x1100
 .debug_info    0x00000000      0x1d9 ./src/GPIO.o
 .debug_info    0x000001d9       0xcc ./src/IRQ.o
 .debug_info    0x000002a5      0x614 ./src/SysTick.o
 .debug_info    0x000008b9      0x184 ./src/main.o
 .debug_info    0x00000a3d       0x74 ./src/startup_stm32f10x_md.o
 .debug_info    0x00000ab1      0x1a8 ./src/stm32f1xx_it.o
 .debug_info    0x00000c59      0x4a7 ./src/system_stm32f10x.o

.debug_abbrev   0x00000000      0x5b0
 .debug_abbrev  0x00000000       0xae ./src/GPIO.o
 .debug_abbrev  0x000000ae       0x78 ./src/IRQ.o
 .debug_abbrev  0x00000126      0x1c0 ./src/SysTick.o
 .debug_abbrev  0x000002e6       0xd2 ./src/main.o
 .debug_abbrev  0x000003b8       0x12 ./src/startup_stm32f10x_md.o
 .debug_abbrev  0x000003ca       0x78 ./src/stm32f1xx_it.o
 .debug_abbrev  0x00000442      0x16e ./src/system_stm32f10x.o

.debug_aranges  0x00000000      0x180
 .debug_aranges
                0x00000000       0x20 ./src/GPIO.o
 .debug_aranges
                0x00000020       0x20 ./src/IRQ.o
 .debug_aranges
                0x00000040       0x40 ./src/SysTick.o
 .debug_aranges
                0x00000080       0x20 ./src/main.o
 .debug_aranges
                0x000000a0       0x28 ./src/startup_stm32f10x_md.o
 .debug_aranges
                0x000000c8       0x80 ./src/stm32f1xx_it.o
 .debug_aranges
                0x00000148       0x38 ./src/system_stm32f10x.o

.debug_ranges   0x00000000      0x118
 .debug_ranges  0x00000000       0x10 ./src/GPIO.o
 .debug_ranges  0x00000010       0x10 ./src/IRQ.o
 .debug_ranges  0x00000020       0x30 ./src/SysTick.o
 .debug_ranges  0x00000050       0x10 ./src/main.o
 .debug_ranges  0x00000060       0x20 ./src/startup_stm32f10x_md.o
 .debug_ranges  0x00000080       0x70 ./src/stm32f1xx_it.o
 .debug_ranges  0x000000f0       0x28 ./src/system_stm32f10x.o

.debug_line     0x00000000      0xc7f
 .debug_line    0x00000000      0x1a4 ./src/GPIO.o
 .debug_line    0x000001a4      0x192 ./src/IRQ.o
 .debug_line    0x00000336      0x226 ./src/SysTick.o
 .debug_line    0x0000055c      0x1e6 ./src/main.o
 .debug_line    0x00000742       0x7c ./src/startup_stm32f10x_md.o
 .debug_line    0x000007be      0x282 ./src/stm32f1xx_it.o
 .debug_line    0x00000a40      0x23f ./src/system_stm32f10x.o

.debug_str      0x00000000      0x8a2
 .debug_str     0x00000000      0x200 ./src/GPIO.o
                                0x245 (size before relaxing)
 .debug_str     0x00000200       0x16 ./src/IRQ.o
                                0x1e1 (size before relaxing)
 .debug_str     0x00000216      0x450 ./src/SysTick.o
                                0x628 (size before relaxing)
 .debug_str     0x00000666       0x66 ./src/main.o
                                0x20a (size before relaxing)
 .debug_str     0x000006cc      0x11b ./src/stm32f1xx_it.o
                                0x29f (size before relaxing)
 .debug_str     0x000007e7       0xbb ./src/system_stm32f10x.o
                                0x329 (size before relaxing)

.comment        0x00000000       0x7c
 .comment       0x00000000       0x7c ./src/GPIO.o
                                 0x7d (size before relaxing)
 .comment       0x0000007c       0x7d ./src/IRQ.o
 .comment       0x0000007c       0x7d ./src/SysTick.o
 .comment       0x0000007c       0x7d ./src/main.o
 .comment       0x0000007c       0x7d ./src/stm32f1xx_it.o
 .comment       0x0000007c       0x7d ./src/system_stm32f10x.o

.debug_frame    0x00000000      0x3a8
 .debug_frame   0x00000000       0x30 ./src/GPIO.o
 .debug_frame   0x00000030       0x30 ./src/IRQ.o
 .debug_frame   0x00000060       0xc8 ./src/SysTick.o
 .debug_frame   0x00000128       0x2c ./src/main.o
 .debug_frame   0x00000154      0x190 ./src/stm32f1xx_it.o
 .debug_frame   0x000002e4       0x98 ./src/system_stm32f10x.o
 .debug_frame   0x0000037c       0x2c c:/program files (x86)/atollic/truestudio for stm32 9.0.1/armtools/bin/../lib/gcc/arm-atollic-eabi/6.3.1/../../../../arm-atollic-eabi/lib/armv7-m\libc_nano.a(lib_a-init.o)

Cross Reference Table

Symbol                                            File
ADC1_2_IRQHandler                                 ./src/startup_stm32f10x_md.o
AHBPrescTable                                     ./src/system_stm32f10x.o
BusFault_Handler                                  ./src/stm32f1xx_it.o
                                                  ./src/startup_stm32f10x_md.o
CAN1_RX1_IRQHandler                               ./src/startup_stm32f10x_md.o
CAN1_SCE_IRQHandler                               ./src/startup_stm32f10x_md.o
DMA1_Channel1_IRQHandler                          ./src/startup_stm32f10x_md.o
DMA1_Channel2_IRQHandler                          ./src/startup_stm32f10x_md.o
DMA1_Channel3_IRQHandler                          ./src/startup_stm32f10x_md.o
DMA1_Channel4_IRQHandler                          ./src/startup_stm32f10x_md.o
DMA1_Channel5_IRQHandler                          ./src/startup_stm32f10x_md.o
DMA1_Channel6_IRQHandler                          ./src/startup_stm32f10x_md.o
DMA1_Channel7_IRQHandler                          ./src/startup_stm32f10x_md.o
DebugMon_Handler                                  ./src/stm32f1xx_it.o
                                                  ./src/startup_stm32f10x_md.o
Default_Handler                                   ./src/startup_stm32f10x_md.o
EXTI0_IRQHandler                                  ./src/stm32f1xx_it.o
                                                  ./src/startup_stm32f10x_md.o
EXTI15_10_IRQHandler                              ./src/startup_stm32f10x_md.o
EXTI1_IRQHandler                                  ./src/stm32f1xx_it.o
                                                  ./src/startup_stm32f10x_md.o
EXTI2_IRQHandler                                  ./src/stm32f1xx_it.o
                                                  ./src/startup_stm32f10x_md.o
EXTI3_IRQHandler                                  ./src/stm32f1xx_it.o
                                                  ./src/startup_stm32f10x_md.o
EXTI4_IRQHandler                                  ./src/startup_stm32f10x_md.o
EXTI9_5_IRQHandler                                ./src/startup_stm32f10x_md.o
FLASH_IRQHandler                                  ./src/startup_stm32f10x_md.o
GPIO_OnBoard_Init_LED                             ./src/GPIO.o
                                                  ./src/main.o
HardFault_Handler                                 ./src/stm32f1xx_it.o
                                                  ./src/startup_stm32f10x_md.o
I2C1_ER_IRQHandler                                ./src/startup_stm32f10x_md.o
I2C1_EV_IRQHandler                                ./src/startup_stm32f10x_md.o
I2C2_ER_IRQHandler                                ./src/startup_stm32f10x_md.o
I2C2_EV_IRQHandler                                ./src/startup_stm32f10x_md.o
IRQ_Init                                          ./src/IRQ.o
                                                  ./src/main.o
MemManage_Handler                                 ./src/stm32f1xx_it.o
                                                  ./src/startup_stm32f10x_md.o
NMI_Handler                                       ./src/stm32f1xx_it.o
                                                  ./src/startup_stm32f10x_md.o
PVD_IRQHandler                                    ./src/startup_stm32f10x_md.o
PendSV_Handler                                    ./src/stm32f1xx_it.o
                                                  ./src/startup_stm32f10x_md.o
RCC_IRQHandler                                    ./src/startup_stm32f10x_md.o
RTCAlarm_IRQHandler                               ./src/startup_stm32f10x_md.o
RTC_IRQHandler                                    ./src/startup_stm32f10x_md.o
Reset_Handler                                     ./src/startup_stm32f10x_md.o
SPI1_IRQHandler                                   ./src/startup_stm32f10x_md.o
SPI2_IRQHandler                                   ./src/startup_stm32f10x_md.o
SVC_Handler                                       ./src/stm32f1xx_it.o
                                                  ./src/startup_stm32f10x_md.o
SysTickCounter                                    ./src/SysTick.o
                                                  ./src/stm32f1xx_it.o
SysTick_Delay                                     ./src/SysTick.o
                                                  ./src/main.o
SysTick_GetCurrentTick                            ./src/SysTick.o
SysTick_Handler                                   ./src/stm32f1xx_it.o
                                                  ./src/startup_stm32f10x_md.o
SysTick_Init                                      ./src/SysTick.o
                                                  ./src/main.o
SystemCoreClock                                   ./src/system_stm32f10x.o
                                                  ./src/SysTick.o
SystemCoreClockUpdate                             ./src/system_stm32f10x.o
                                                  ./src/SysTick.o
SystemInit                                        ./src/system_stm32f10x.o
                                                  ./src/startup_stm32f10x_md.o
TAMPER_IRQHandler                                 ./src/startup_stm32f10x_md.o
TIM1_BRK_IRQHandler                               ./src/startup_stm32f10x_md.o
TIM1_CC_IRQHandler                                ./src/startup_stm32f10x_md.o
TIM1_TRG_COM_IRQHandler                           ./src/startup_stm32f10x_md.o
TIM1_UP_IRQHandler                                ./src/startup_stm32f10x_md.o
TIM2_IRQHandler                                   ./src/startup_stm32f10x_md.o
TIM3_IRQHandler                                   ./src/startup_stm32f10x_md.o
TIM4_IRQHandler                                   ./src/startup_stm32f10x_md.o
USART1_IRQHandler                                 ./src/startup_stm32f10x_md.o
USART2_IRQHandler                                 ./src/startup_stm32f10x_md.o
USART3_IRQHandler                                 ./src/startup_stm32f10x_md.o
USBWakeUp_IRQHandler                              ./src/startup_stm32f10x_md.o
USB_HP_CAN1_TX_IRQHandler                         ./src/startup_stm32f10x_md.o
USB_LP_CAN1_RX0_IRQHandler                        ./src/startup_stm32f10x_md.o
UsageFault_Handler                                ./src/stm32f1xx_it.o
                                                  ./src/startup_stm32f10x_md.o
WWDG_IRQHandler                                   ./src/startup_stm32f10x_md.o
__deregister_frame_info                           c:/program files (x86)/atollic/truestudio for stm32 9.0.1/armtools/bin/../lib/gcc/arm-atollic-eabi/6.3.1/armv7-m/crtbegin.o
__dso_handle                                      c:/program files (x86)/atollic/truestudio for stm32 9.0.1/armtools/bin/../lib/gcc/arm-atollic-eabi/6.3.1/armv7-m/crtbegin.o
__init_array_end                                  c:/program files (x86)/atollic/truestudio for stm32 9.0.1/armtools/bin/../lib/gcc/arm-atollic-eabi/6.3.1/../../../../arm-atollic-eabi/lib/armv7-m\libc_nano.a(lib_a-init.o)
__init_array_start                                c:/program files (x86)/atollic/truestudio for stm32 9.0.1/armtools/bin/../lib/gcc/arm-atollic-eabi/6.3.1/../../../../arm-atollic-eabi/lib/armv7-m\libc_nano.a(lib_a-init.o)
__libc_init_array                                 c:/program files (x86)/atollic/truestudio for stm32 9.0.1/armtools/bin/../lib/gcc/arm-atollic-eabi/6.3.1/../../../../arm-atollic-eabi/lib/armv7-m\libc_nano.a(lib_a-init.o)
                                                  ./src/startup_stm32f10x_md.o
__preinit_array_end                               c:/program files (x86)/atollic/truestudio for stm32 9.0.1/armtools/bin/../lib/gcc/arm-atollic-eabi/6.3.1/../../../../arm-atollic-eabi/lib/armv7-m\libc_nano.a(lib_a-init.o)
__preinit_array_start                             c:/program files (x86)/atollic/truestudio for stm32 9.0.1/armtools/bin/../lib/gcc/arm-atollic-eabi/6.3.1/../../../../arm-atollic-eabi/lib/armv7-m\libc_nano.a(lib_a-init.o)
__register_frame_info                             c:/program files (x86)/atollic/truestudio for stm32 9.0.1/armtools/bin/../lib/gcc/arm-atollic-eabi/6.3.1/armv7-m/crtbegin.o
_ebss                                             ./src/startup_stm32f10x_md.o
_edata                                            ./src/startup_stm32f10x_md.o
_estack                                           ./src/startup_stm32f10x_md.o
_fini                                             c:/program files (x86)/atollic/truestudio for stm32 9.0.1/armtools/bin/../lib/gcc/arm-atollic-eabi/6.3.1/armv7-m/crti.o
_init                                             c:/program files (x86)/atollic/truestudio for stm32 9.0.1/armtools/bin/../lib/gcc/arm-atollic-eabi/6.3.1/armv7-m/crti.o
                                                  c:/program files (x86)/atollic/truestudio for stm32 9.0.1/armtools/bin/../lib/gcc/arm-atollic-eabi/6.3.1/../../../../arm-atollic-eabi/lib/armv7-m\libc_nano.a(lib_a-init.o)
_sbss                                             ./src/startup_stm32f10x_md.o
_sdata                                            ./src/startup_stm32f10x_md.o
_sidata                                           ./src/startup_stm32f10x_md.o
g_pfnVectors                                      ./src/startup_stm32f10x_md.o
main                                              ./src/main.o
                                                  ./src/startup_stm32f10x_md.o
